manifest should match snapshot using podAnnotations and Labels:
  1: |
    apiVersion: apps/v1
    kind: Deployment
    metadata:
      labels:
        steadybit.com/discovery-disabled: "true"
      name: RELEASE-NAME-steadybit-extension-loadtest
      namespace: NAMESPACE
    spec:
      replicas: 1
      selector:
        matchLabels:
          app.kubernetes.io/instance: RELEASE-NAME
          app.kubernetes.io/name: steadybit-extension-loadtest
      template:
        metadata:
          annotations:
            some-annotation: some-annotation-value
          labels:
            app.kubernetes.io/instance: RELEASE-NAME
            app.kubernetes.io/name: steadybit-extension-loadtest
            some-label: some-label-value
            steadybit.com/discovery-disabled: "true"
        spec:
          containers:
            - env:
                - name: STEADYBIT_LOG_LEVEL
                  value: INFO
                - name: STEADYBIT_LOG_FORMAT
                  value: text
                - name: STEADYBIT_EXTENSION_ATTRIBUTE_UPDATES
                  value: '[{"attributeName":"aws-ec2.label.change-ts","interval":600,"rate":0.2,"type":"com.steadybit.extension_aws.ec2-instance"},{"attributeName":"container.label.change-ts","interval":180,"rate":0.2,"type":"com.steadybit.extension_container.container"},{"attributeName":"k8s.label.change-ts","interval":180,"rate":0.2,"type":"com.steadybit.extension_kubernetes.kubernetes-container"},{"attributeName":"k8s.label.change-ts","interval":180,"rate":0.2,"type":"com.steadybit.extension_kubernetes.kubernetes-deployment"}]'
                - name: STEADYBIT_EXTENSION_DISCOVERY_ATTRIBUTE_EXCLUDES_CONTAINER
                  value: ""
                - name: STEADYBIT_EXTENSION_DISCOVERY_ATTRIBUTE_EXCLUDES_EC2
                  value: ""
                - name: STEADYBIT_EXTENSION_DISCOVERY_ATTRIBUTE_EXCLUDES_HOST
                  value: ""
                - name: STEADYBIT_EXTENSION_DISCOVERY_ATTRIBUTE_EXCLUDES_KUBERNETES_CONTAINER
                  value: ""
                - name: STEADYBIT_EXTENSION_DISCOVERY_ATTRIBUTE_EXCLUDES_KUBERNETES_DEPLOYMENT
                  value: ""
              image: ghcr.io/steadybit/extension-loadtest:latest
              imagePullPolicy: Always
              livenessProbe:
                httpGet:
                  path: /health/liveness
                  port: 8083
              name: extension
              readinessProbe:
                httpGet:
                  path: /health/readiness
                  port: 8083
              resources:
                limits:
                  cpu: 200m
                  memory: 512Mi
                requests:
                  cpu: 50m
                  memory: 32Mi
              securityContext:
                allowPrivilegeEscalation: false
                capabilities:
                  drop:
                    - ALL
                readOnlyRootFilesystem: true
                runAsGroup: 10000
                runAsNonRoot: true
                runAsUser: 10000
              volumeMounts: null
          serviceAccountName: steadybit-extension-loadtest
          volumes: null
manifest should match snapshot with TLS:
  1: |
    apiVersion: apps/v1
    kind: Deployment
    metadata:
      labels:
        steadybit.com/discovery-disabled: "true"
      name: RELEASE-NAME-steadybit-extension-loadtest
      namespace: NAMESPACE
    spec:
      replicas: 1
      selector:
        matchLabels:
          app.kubernetes.io/instance: RELEASE-NAME
          app.kubernetes.io/name: steadybit-extension-loadtest
      template:
        metadata:
          annotations: null
          labels:
            app.kubernetes.io/instance: RELEASE-NAME
            app.kubernetes.io/name: steadybit-extension-loadtest
            steadybit.com/discovery-disabled: "true"
        spec:
          containers:
            - env:
                - name: STEADYBIT_LOG_LEVEL
                  value: INFO
                - name: STEADYBIT_LOG_FORMAT
                  value: text
                - name: STEADYBIT_EXTENSION_TLS_SERVER_CERT
                  value: /etc/extension/certificates/server-cert/tls.crt
                - name: STEADYBIT_EXTENSION_TLS_SERVER_KEY
                  value: /etc/extension/certificates/server-cert/tls.key
                - name: STEADYBIT_EXTENSION_ATTRIBUTE_UPDATES
                  value: '[{"attributeName":"aws-ec2.label.change-ts","interval":600,"rate":0.2,"type":"com.steadybit.extension_aws.ec2-instance"},{"attributeName":"container.label.change-ts","interval":180,"rate":0.2,"type":"com.steadybit.extension_container.container"},{"attributeName":"k8s.label.change-ts","interval":180,"rate":0.2,"type":"com.steadybit.extension_kubernetes.kubernetes-container"},{"attributeName":"k8s.label.change-ts","interval":180,"rate":0.2,"type":"com.steadybit.extension_kubernetes.kubernetes-deployment"}]'
                - name: STEADYBIT_EXTENSION_DISCOVERY_ATTRIBUTE_EXCLUDES_CONTAINER
                  value: ""
                - name: STEADYBIT_EXTENSION_DISCOVERY_ATTRIBUTE_EXCLUDES_EC2
                  value: ""
                - name: STEADYBIT_EXTENSION_DISCOVERY_ATTRIBUTE_EXCLUDES_HOST
                  value: ""
                - name: STEADYBIT_EXTENSION_DISCOVERY_ATTRIBUTE_EXCLUDES_KUBERNETES_CONTAINER
                  value: ""
                - name: STEADYBIT_EXTENSION_DISCOVERY_ATTRIBUTE_EXCLUDES_KUBERNETES_DEPLOYMENT
                  value: ""
              image: ghcr.io/steadybit/extension-loadtest:latest
              imagePullPolicy: Always
              livenessProbe:
                httpGet:
                  path: /health/liveness
                  port: 8083
              name: extension
              readinessProbe:
                httpGet:
                  path: /health/readiness
                  port: 8083
              resources:
                limits:
                  cpu: 200m
                  memory: 512Mi
                requests:
                  cpu: 50m
                  memory: 32Mi
              securityContext:
                allowPrivilegeEscalation: false
                capabilities:
                  drop:
                    - ALL
                readOnlyRootFilesystem: true
                runAsGroup: 10000
                runAsNonRoot: true
                runAsUser: 10000
              volumeMounts:
                - mountPath: /etc/extension/certificates/server-cert
                  name: certificate-server-cert
                  readOnly: true
          serviceAccountName: steadybit-extension-loadtest
          volumes:
            - name: certificate-server-cert
              secret:
                optional: false
                secretName: server-cert
manifest should match snapshot with extra env vars:
  1: |
    apiVersion: apps/v1
    kind: Deployment
    metadata:
      labels:
        steadybit.com/discovery-disabled: "true"
      name: RELEASE-NAME-steadybit-extension-loadtest
      namespace: NAMESPACE
    spec:
      replicas: 1
      selector:
        matchLabels:
          app.kubernetes.io/instance: RELEASE-NAME
          app.kubernetes.io/name: steadybit-extension-loadtest
      template:
        metadata:
          annotations: null
          labels:
            app.kubernetes.io/instance: RELEASE-NAME
            app.kubernetes.io/name: steadybit-extension-loadtest
            steadybit.com/discovery-disabled: "true"
        spec:
          containers:
            - env:
                - name: STEADYBIT_LOG_LEVEL
                  value: INFO
                - name: STEADYBIT_LOG_FORMAT
                  value: text
                - name: FOO
                  value: bar
                - name: STEADYBIT_EXTENSION_ATTRIBUTE_UPDATES
                  value: '[{"attributeName":"aws-ec2.label.change-ts","interval":600,"rate":0.2,"type":"com.steadybit.extension_aws.ec2-instance"},{"attributeName":"container.label.change-ts","interval":180,"rate":0.2,"type":"com.steadybit.extension_container.container"},{"attributeName":"k8s.label.change-ts","interval":180,"rate":0.2,"type":"com.steadybit.extension_kubernetes.kubernetes-container"},{"attributeName":"k8s.label.change-ts","interval":180,"rate":0.2,"type":"com.steadybit.extension_kubernetes.kubernetes-deployment"}]'
                - name: STEADYBIT_EXTENSION_DISCOVERY_ATTRIBUTE_EXCLUDES_CONTAINER
                  value: ""
                - name: STEADYBIT_EXTENSION_DISCOVERY_ATTRIBUTE_EXCLUDES_EC2
                  value: ""
                - name: STEADYBIT_EXTENSION_DISCOVERY_ATTRIBUTE_EXCLUDES_HOST
                  value: ""
                - name: STEADYBIT_EXTENSION_DISCOVERY_ATTRIBUTE_EXCLUDES_KUBERNETES_CONTAINER
                  value: ""
                - name: STEADYBIT_EXTENSION_DISCOVERY_ATTRIBUTE_EXCLUDES_KUBERNETES_DEPLOYMENT
                  value: ""
              envFrom:
                - configMapRef: null
                  name: env-configmap
                - name: env-secrets
                  secretRef: null
              image: ghcr.io/steadybit/extension-loadtest:latest
              imagePullPolicy: Always
              livenessProbe:
                httpGet:
                  path: /health/liveness
                  port: 8083
              name: extension
              readinessProbe:
                httpGet:
                  path: /health/readiness
                  port: 8083
              resources:
                limits:
                  cpu: 200m
                  memory: 512Mi
                requests:
                  cpu: 50m
                  memory: 32Mi
              securityContext:
                allowPrivilegeEscalation: false
                capabilities:
                  drop:
                    - ALL
                readOnlyRootFilesystem: true
                runAsGroup: 10000
                runAsNonRoot: true
                runAsUser: 10000
              volumeMounts: null
          serviceAccountName: steadybit-extension-loadtest
          volumes: null
manifest should match snapshot with extra labels:
  1: |
    apiVersion: apps/v1
    kind: Deployment
    metadata:
      labels:
        steadybit.com/discovery-disabled: "true"
        tags.datadoghq.com/service: steadybit-extension
      name: RELEASE-NAME-steadybit-extension-loadtest
      namespace: NAMESPACE
    spec:
      replicas: 1
      selector:
        matchLabels:
          app.kubernetes.io/instance: RELEASE-NAME
          app.kubernetes.io/name: steadybit-extension-loadtest
      template:
        metadata:
          annotations: null
          labels:
            app.kubernetes.io/instance: RELEASE-NAME
            app.kubernetes.io/name: steadybit-extension-loadtest
            steadybit.com/discovery-disabled: "true"
            tags.datadoghq.com/service: steadybit-extension
        spec:
          containers:
            - env:
                - name: STEADYBIT_LOG_LEVEL
                  value: INFO
                - name: STEADYBIT_LOG_FORMAT
                  value: text
                - name: STEADYBIT_EXTENSION_ATTRIBUTE_UPDATES
                  value: '[{"attributeName":"aws-ec2.label.change-ts","interval":600,"rate":0.2,"type":"com.steadybit.extension_aws.ec2-instance"},{"attributeName":"container.label.change-ts","interval":180,"rate":0.2,"type":"com.steadybit.extension_container.container"},{"attributeName":"k8s.label.change-ts","interval":180,"rate":0.2,"type":"com.steadybit.extension_kubernetes.kubernetes-container"},{"attributeName":"k8s.label.change-ts","interval":180,"rate":0.2,"type":"com.steadybit.extension_kubernetes.kubernetes-deployment"}]'
                - name: STEADYBIT_EXTENSION_DISCOVERY_ATTRIBUTE_EXCLUDES_CONTAINER
                  value: ""
                - name: STEADYBIT_EXTENSION_DISCOVERY_ATTRIBUTE_EXCLUDES_EC2
                  value: ""
                - name: STEADYBIT_EXTENSION_DISCOVERY_ATTRIBUTE_EXCLUDES_HOST
                  value: ""
                - name: STEADYBIT_EXTENSION_DISCOVERY_ATTRIBUTE_EXCLUDES_KUBERNETES_CONTAINER
                  value: ""
                - name: STEADYBIT_EXTENSION_DISCOVERY_ATTRIBUTE_EXCLUDES_KUBERNETES_DEPLOYMENT
                  value: ""
              image: ghcr.io/steadybit/extension-loadtest:latest
              imagePullPolicy: Always
              livenessProbe:
                httpGet:
                  path: /health/liveness
                  port: 8083
              name: extension
              readinessProbe:
                httpGet:
                  path: /health/readiness
                  port: 8083
              resources:
                limits:
                  cpu: 200m
                  memory: 512Mi
                requests:
                  cpu: 50m
                  memory: 32Mi
              securityContext:
                allowPrivilegeEscalation: false
                capabilities:
                  drop:
                    - ALL
                readOnlyRootFilesystem: true
                runAsGroup: 10000
                runAsNonRoot: true
                runAsUser: 10000
              volumeMounts: null
          serviceAccountName: steadybit-extension-loadtest
          volumes: null
manifest should match snapshot with mutual TLS:
  1: |
    apiVersion: apps/v1
    kind: Deployment
    metadata:
      labels:
        steadybit.com/discovery-disabled: "true"
      name: RELEASE-NAME-steadybit-extension-loadtest
      namespace: NAMESPACE
    spec:
      replicas: 1
      selector:
        matchLabels:
          app.kubernetes.io/instance: RELEASE-NAME
          app.kubernetes.io/name: steadybit-extension-loadtest
      template:
        metadata:
          annotations: null
          labels:
            app.kubernetes.io/instance: RELEASE-NAME
            app.kubernetes.io/name: steadybit-extension-loadtest
            steadybit.com/discovery-disabled: "true"
        spec:
          containers:
            - env:
                - name: STEADYBIT_LOG_LEVEL
                  value: INFO
                - name: STEADYBIT_LOG_FORMAT
                  value: text
                - name: STEADYBIT_EXTENSION_TLS_SERVER_CERT
                  value: /etc/extension/certificates/server-cert/tls.crt
                - name: STEADYBIT_EXTENSION_TLS_SERVER_KEY
                  value: /etc/extension/certificates/server-cert/tls.key
                - name: STEADYBIT_EXTENSION_TLS_CLIENT_CAS
                  value: /etc/extension/certificates/client-cert-a/tls.crt,/etc/extension/certificates/client-cert-a/tls.crt
                - name: STEADYBIT_EXTENSION_ATTRIBUTE_UPDATES
                  value: '[{"attributeName":"aws-ec2.label.change-ts","interval":600,"rate":0.2,"type":"com.steadybit.extension_aws.ec2-instance"},{"attributeName":"container.label.change-ts","interval":180,"rate":0.2,"type":"com.steadybit.extension_container.container"},{"attributeName":"k8s.label.change-ts","interval":180,"rate":0.2,"type":"com.steadybit.extension_kubernetes.kubernetes-container"},{"attributeName":"k8s.label.change-ts","interval":180,"rate":0.2,"type":"com.steadybit.extension_kubernetes.kubernetes-deployment"}]'
                - name: STEADYBIT_EXTENSION_DISCOVERY_ATTRIBUTE_EXCLUDES_CONTAINER
                  value: ""
                - name: STEADYBIT_EXTENSION_DISCOVERY_ATTRIBUTE_EXCLUDES_EC2
                  value: ""
                - name: STEADYBIT_EXTENSION_DISCOVERY_ATTRIBUTE_EXCLUDES_HOST
                  value: ""
                - name: STEADYBIT_EXTENSION_DISCOVERY_ATTRIBUTE_EXCLUDES_KUBERNETES_CONTAINER
                  value: ""
                - name: STEADYBIT_EXTENSION_DISCOVERY_ATTRIBUTE_EXCLUDES_KUBERNETES_DEPLOYMENT
                  value: ""
              image: ghcr.io/steadybit/extension-loadtest:latest
              imagePullPolicy: Always
              livenessProbe:
                httpGet:
                  path: /health/liveness
                  port: 8083
              name: extension
              readinessProbe:
                httpGet:
                  path: /health/readiness
                  port: 8083
              resources:
                limits:
                  cpu: 200m
                  memory: 512Mi
                requests:
                  cpu: 50m
                  memory: 32Mi
              securityContext:
                allowPrivilegeEscalation: false
                capabilities:
                  drop:
                    - ALL
                readOnlyRootFilesystem: true
                runAsGroup: 10000
                runAsNonRoot: true
                runAsUser: 10000
              volumeMounts:
                - mountPath: /etc/extension/certificates/client-cert-a
                  name: certificate-client-cert-a
                  readOnly: true
                - mountPath: /etc/extension/certificates/server-cert
                  name: certificate-server-cert
                  readOnly: true
          serviceAccountName: steadybit-extension-loadtest
          volumes:
            - name: certificate-client-cert-a
              secret:
                optional: false
                secretName: client-cert-a
            - name: certificate-server-cert
              secret:
                optional: false
                secretName: server-cert
manifest should match snapshot with mutual TLS using containerPaths:
  1: |
    apiVersion: apps/v1
    kind: Deployment
    metadata:
      labels:
        steadybit.com/discovery-disabled: "true"
      name: RELEASE-NAME-steadybit-extension-loadtest
      namespace: NAMESPACE
    spec:
      replicas: 1
      selector:
        matchLabels:
          app.kubernetes.io/instance: RELEASE-NAME
          app.kubernetes.io/name: steadybit-extension-loadtest
      template:
        metadata:
          annotations: null
          labels:
            app.kubernetes.io/instance: RELEASE-NAME
            app.kubernetes.io/name: steadybit-extension-loadtest
            steadybit.com/discovery-disabled: "true"
        spec:
          containers:
            - env:
                - name: STEADYBIT_LOG_LEVEL
                  value: INFO
                - name: STEADYBIT_LOG_FORMAT
                  value: text
                - name: STEADYBIT_EXTENSION_TLS_SERVER_CERT
                  value: /etc/tls/server.crt
                - name: STEADYBIT_EXTENSION_TLS_SERVER_KEY
                  value: /etc/tls/server.key
                - name: STEADYBIT_EXTENSION_TLS_CLIENT_CAS
                  value: /etc/tls/ca.crt,/etc/tls/ca2.crt
                - name: STEADYBIT_EXTENSION_ATTRIBUTE_UPDATES
                  value: '[{"attributeName":"aws-ec2.label.change-ts","interval":600,"rate":0.2,"type":"com.steadybit.extension_aws.ec2-instance"},{"attributeName":"container.label.change-ts","interval":180,"rate":0.2,"type":"com.steadybit.extension_container.container"},{"attributeName":"k8s.label.change-ts","interval":180,"rate":0.2,"type":"com.steadybit.extension_kubernetes.kubernetes-container"},{"attributeName":"k8s.label.change-ts","interval":180,"rate":0.2,"type":"com.steadybit.extension_kubernetes.kubernetes-deployment"}]'
                - name: STEADYBIT_EXTENSION_DISCOVERY_ATTRIBUTE_EXCLUDES_CONTAINER
                  value: ""
                - name: STEADYBIT_EXTENSION_DISCOVERY_ATTRIBUTE_EXCLUDES_EC2
                  value: ""
                - name: STEADYBIT_EXTENSION_DISCOVERY_ATTRIBUTE_EXCLUDES_HOST
                  value: ""
                - name: STEADYBIT_EXTENSION_DISCOVERY_ATTRIBUTE_EXCLUDES_KUBERNETES_CONTAINER
                  value: ""
                - name: STEADYBIT_EXTENSION_DISCOVERY_ATTRIBUTE_EXCLUDES_KUBERNETES_DEPLOYMENT
                  value: ""
              image: ghcr.io/steadybit/extension-loadtest:latest
              imagePullPolicy: Always
              livenessProbe:
                httpGet:
                  path: /health/liveness
                  port: 8083
              name: extension
              readinessProbe:
                httpGet:
                  path: /health/readiness
                  port: 8083
              resources:
                limits:
                  cpu: 200m
                  memory: 512Mi
                requests:
                  cpu: 50m
                  memory: 32Mi
              securityContext:
                allowPrivilegeEscalation: false
                capabilities:
                  drop:
                    - ALL
                readOnlyRootFilesystem: true
                runAsGroup: 10000
                runAsNonRoot: true
                runAsUser: 10000
              volumeMounts: null
          serviceAccountName: steadybit-extension-loadtest
          volumes: null
manifest should match snapshot with settings:
  1: |
    apiVersion: apps/v1
    kind: Deployment
    metadata:
      labels:
        steadybit.com/discovery-disabled: "true"
      name: RELEASE-NAME-steadybit-extension-loadtest
      namespace: NAMESPACE
    spec:
      replicas: 1
      selector:
        matchLabels:
          app.kubernetes.io/instance: RELEASE-NAME
          app.kubernetes.io/name: steadybit-extension-loadtest
      template:
        metadata:
          annotations: null
          labels:
            app.kubernetes.io/instance: RELEASE-NAME
            app.kubernetes.io/name: steadybit-extension-loadtest
            steadybit.com/discovery-disabled: "true"
        spec:
          containers:
            - env:
                - name: STEADYBIT_LOG_LEVEL
                  value: INFO
                - name: STEADYBIT_LOG_FORMAT
                  value: text
                - name: STEADYBIT_EXTENSION_CLUSTER_NAME
                  value: my-cluster
                - name: STEADYBIT_EXTENSION_CONTAINER_PER_POD
                  value: "4"
                - name: STEADYBIT_EXTENSION_DEPLOYMENTS_PER_NODE
                  value: "2"
                - name: STEADYBIT_EXTENSION_NODE_COUNT
                  value: "1"
                - name: STEADYBIT_EXTENSION_PODS_PER_DEPLOYMENT
                  value: "3"
                - name: STEADYBIT_EXTENSION_ATTRIBUTE_UPDATES
                  value: '[{"attributeName":"aws-ec2.label.change-ts","interval":600,"rate":0.2,"type":"com.steadybit.extension_aws.ec2-instance"},{"attributeName":"container.label.change-ts","interval":180,"rate":0.2,"type":"com.steadybit.extension_container.container"},{"attributeName":"k8s.label.change-ts","interval":180,"rate":0.2,"type":"com.steadybit.extension_kubernetes.kubernetes-container"},{"attributeName":"k8s.label.change-ts","interval":180,"rate":0.2,"type":"com.steadybit.extension_kubernetes.kubernetes-deployment"}]'
                - name: STEADYBIT_EXTENSION_DISCOVERY_ATTRIBUTE_EXCLUDES_CONTAINER
                  value: ""
                - name: STEADYBIT_EXTENSION_DISCOVERY_ATTRIBUTE_EXCLUDES_EC2
                  value: ""
                - name: STEADYBIT_EXTENSION_DISCOVERY_ATTRIBUTE_EXCLUDES_HOST
                  value: ""
                - name: STEADYBIT_EXTENSION_DISCOVERY_ATTRIBUTE_EXCLUDES_KUBERNETES_CONTAINER
                  value: ""
                - name: STEADYBIT_EXTENSION_DISCOVERY_ATTRIBUTE_EXCLUDES_KUBERNETES_DEPLOYMENT
                  value: ""
              image: ghcr.io/steadybit/extension-loadtest:latest
              imagePullPolicy: Always
              livenessProbe:
                httpGet:
                  path: /health/liveness
                  port: 8083
              name: extension
              readinessProbe:
                httpGet:
                  path: /health/readiness
                  port: 8083
              resources:
                limits:
                  cpu: 200m
                  memory: 512Mi
                requests:
                  cpu: 50m
                  memory: 32Mi
              securityContext:
                allowPrivilegeEscalation: false
                capabilities:
                  drop:
                    - ALL
                readOnlyRootFilesystem: true
                runAsGroup: 10000
                runAsNonRoot: true
                runAsUser: 10000
              volumeMounts: null
          serviceAccountName: steadybit-extension-loadtest
          volumes: null
manifest should match snapshot without TLS:
  1: |
    apiVersion: apps/v1
    kind: Deployment
    metadata:
      labels:
        steadybit.com/discovery-disabled: "true"
      name: RELEASE-NAME-steadybit-extension-loadtest
      namespace: NAMESPACE
    spec:
      replicas: 1
      selector:
        matchLabels:
          app.kubernetes.io/instance: RELEASE-NAME
          app.kubernetes.io/name: steadybit-extension-loadtest
      template:
        metadata:
          annotations: null
          labels:
            app.kubernetes.io/instance: RELEASE-NAME
            app.kubernetes.io/name: steadybit-extension-loadtest
            steadybit.com/discovery-disabled: "true"
        spec:
          containers:
            - env:
                - name: STEADYBIT_LOG_LEVEL
                  value: INFO
                - name: STEADYBIT_LOG_FORMAT
                  value: text
                - name: STEADYBIT_EXTENSION_ATTRIBUTE_UPDATES
                  value: '[{"attributeName":"aws-ec2.label.change-ts","interval":600,"rate":0.2,"type":"com.steadybit.extension_aws.ec2-instance"},{"attributeName":"container.label.change-ts","interval":180,"rate":0.2,"type":"com.steadybit.extension_container.container"},{"attributeName":"k8s.label.change-ts","interval":180,"rate":0.2,"type":"com.steadybit.extension_kubernetes.kubernetes-container"},{"attributeName":"k8s.label.change-ts","interval":180,"rate":0.2,"type":"com.steadybit.extension_kubernetes.kubernetes-deployment"}]'
                - name: STEADYBIT_EXTENSION_DISCOVERY_ATTRIBUTE_EXCLUDES_CONTAINER
                  value: ""
                - name: STEADYBIT_EXTENSION_DISCOVERY_ATTRIBUTE_EXCLUDES_EC2
                  value: ""
                - name: STEADYBIT_EXTENSION_DISCOVERY_ATTRIBUTE_EXCLUDES_HOST
                  value: ""
                - name: STEADYBIT_EXTENSION_DISCOVERY_ATTRIBUTE_EXCLUDES_KUBERNETES_CONTAINER
                  value: ""
                - name: STEADYBIT_EXTENSION_DISCOVERY_ATTRIBUTE_EXCLUDES_KUBERNETES_DEPLOYMENT
                  value: ""
              image: ghcr.io/steadybit/extension-loadtest:latest
              imagePullPolicy: Always
              livenessProbe:
                httpGet:
                  path: /health/liveness
                  port: 8083
              name: extension
              readinessProbe:
                httpGet:
                  path: /health/readiness
                  port: 8083
              resources:
                limits:
                  cpu: 200m
                  memory: 512Mi
                requests:
                  cpu: 50m
                  memory: 32Mi
              securityContext:
                allowPrivilegeEscalation: false
                capabilities:
                  drop:
                    - ALL
                readOnlyRootFilesystem: true
                runAsGroup: 10000
                runAsNonRoot: true
                runAsUser: 10000
              volumeMounts: null
          serviceAccountName: steadybit-extension-loadtest
          volumes: null
